../Core/Src/main.c:117:5:main	8	static
../Core/Src/main.c:201:6:SystemClock_Config	88	static
../Core/Src/main.c:259:13:MX_ETH_Init	8	static
../Core/Src/main.c:308:13:MX_TIM1_Init	112	static
../Core/Src/main.c:388:13:MX_TIM3_Init	56	static
../Core/Src/main.c:437:13:MX_USART3_UART_Init	8	static
../Core/Src/main.c:472:13:MX_USB_OTG_FS_PCD_Init	8	static
../Core/Src/main.c:507:13:MX_GPIO_Init	56	static
../Core/Src/main.c:564:7:Kalman_Filter	24	static
../Core/Src/main.c:580:6:StartDefaultTask	32	static
../Core/Src/main.c:633:6:HAL_TIM_PeriodElapsedCallback	16	static
../Core/Src/main.c:651:6:Error_Handler	4	static,ignoring_inline_asm
